1300
1300
1300
1300
1300
1301
1301
1979
1979
1979
1979
1979
1979
1979
1979
1979
1979
1979
1979
8301
8301
15301
15301
15301
15301
15302
15302
15992
15992
15992
15992
15992
15992
15992
22302
22302
22302
22302
22302
22302
22302
22302
22302
22302
22302
22302
29302
29302
29303
29982
29982
29982
29982
29982
29982
36303
36303
43304
43304
50304
50304
64983
