1300
1300
1300
1300
1300
1300
2761
2761
2762
2762
14534
14534
14534
14534
15301
15301
15301
15301
15992
15992
15992
15992
15992
15992
15992
15992
16621
