1979
1979
1979
1979
1979
1979
1979
1979
1979
1979
1979
1979
1980
1980
2286
2286
2286
2286
2286
4474
4474
7648
7648
10822
10822
13996
13996
17170
17170
17170
17170
17170
17171
17458
20344
23518
23518
23518
29982
29982
29982
29982
29982
29982
29982
29982
30289
