2286
2286
2286
2286
2287
6464
6464
11628
11628
16792
16792
17170
17170
17170
17170
17170
17458
17458
21956
21956
22302
22302
22302
22302
22302
22302
22302
22302
22302
22302
22980
22980
27120
27120
32284
32284
37448
37448
47776
47776
48280
